<<<<<<< HEAD
236358
=======
232213
>>>>>>> 9759195106902550169588b4fb5f546dcd35fe08
