<<<<<<< HEAD
36644
=======
36622
>>>>>>> 9759195106902550169588b4fb5f546dcd35fe08
