<<<<<<< HEAD
231311
=======
220389
>>>>>>> 9759195106902550169588b4fb5f546dcd35fe08
