<<<<<<< HEAD
161491
=======
155919
>>>>>>> 9759195106902550169588b4fb5f546dcd35fe08
